// Jest Snapshot v1, https://goo.gl/fbAQLP

exports[`App Renders app 1`] = `ShallowWrapper {}`;
